[2026-02-04T07:05:58.777Z] 成功加载 config.env 文件。
[2026-02-04T07:05:58.780Z] 开始分析项目: E:\酒馆部署\grok2api\grok2api (模式: full)
[2026-02-04T07:05:58.780Z] 分析ID: grok2api-2026-02-04.15.05
[2026-02-04T07:05:58.782Z] 正在构建文件树...
[2026-02-04T07:05:59.038Z] 文件树构建完成，发现 3093 个需要分析的文件
[2026-02-04T07:05:59.041Z] 已读取 readme.md
[2026-02-04T07:05:59.041Z] 正在生成项目总结...
[2026-02-04T07:06:10.054Z] 项目总结生成完成
[2026-02-04T07:06:10.084Z] 报告抬头已写入
[2026-02-04T07:06:10.084Z] 开始完整文件分析，批次大小: 5
[2026-02-04T07:06:10.084Z] 处理批次 1/619 (5 个文件)
[2026-02-04T07:06:57.345Z] 批次 1 完成
[2026-02-04T07:06:57.345Z] 处理批次 2/619 (5 个文件)
[2026-02-04T07:08:58.474Z] 批次 2 完成
[2026-02-04T07:08:58.474Z] 处理批次 3/619 (5 个文件)
[2026-02-04T07:10:01.689Z] 批次 3 完成
[2026-02-04T07:10:01.689Z] 处理批次 4/619 (5 个文件)
[2026-02-04T07:10:35.872Z] 批次 4 完成
[2026-02-04T07:10:35.872Z] 处理批次 5/619 (5 个文件)
[2026-02-04T07:10:58.756Z] 批次 5 完成
[2026-02-04T07:10:58.756Z] 处理批次 6/619 (5 个文件)
[2026-02-04T07:11:32.189Z] 批次 6 完成
[2026-02-04T07:11:32.189Z] 处理批次 7/619 (5 个文件)
[2026-02-04T07:11:51.401Z] 批次 7 完成
[2026-02-04T07:11:51.401Z] 处理批次 8/619 (5 个文件)
[2026-02-04T07:12:29.897Z] 批次 8 完成
[2026-02-04T07:12:29.897Z] 处理批次 9/619 (5 个文件)
[2026-02-04T07:12:58.777Z] 批次 9 完成
[2026-02-04T07:12:58.777Z] 处理批次 10/619 (5 个文件)
[2026-02-04T07:13:24.064Z] 批次 10 完成
[2026-02-04T07:13:24.064Z] 处理批次 11/619 (5 个文件)
[2026-02-04T07:14:36.323Z] 批次 11 完成
[2026-02-04T07:14:36.323Z] 处理批次 12/619 (5 个文件)
[2026-02-04T07:15:56.224Z] 批次 12 完成
[2026-02-04T07:15:56.224Z] 处理批次 13/619 (5 个文件)
[2026-02-04T07:16:35.265Z] 批次 13 完成
[2026-02-04T07:16:35.265Z] 处理批次 14/619 (5 个文件)
[2026-02-04T07:16:40.000Z] AI调用异常 (第 1/3 次): fetch failed
[2026-02-04T07:16:40.001Z] AI调用异常 (第 1/3 次): fetch failed
[2026-02-04T07:16:40.001Z] AI调用异常 (第 1/3 次): fetch failed
[2026-02-04T07:16:40.002Z] AI调用异常 (第 1/3 次): fetch failed
[2026-02-04T07:16:48.148Z] AI调用异常 (第 2/3 次): fetch failed
[2026-02-04T07:16:48.149Z] AI调用异常 (第 2/3 次): fetch failed
[2026-02-04T07:17:27.044Z] 批次 14 完成
[2026-02-04T07:17:27.044Z] 处理批次 15/619 (5 个文件)
[2026-02-04T07:18:17.142Z] 批次 15 完成
[2026-02-04T07:18:17.142Z] 处理批次 16/619 (5 个文件)
[2026-02-04T07:18:40.714Z] 批次 16 完成
[2026-02-04T07:18:40.714Z] 处理批次 17/619 (5 个文件)
[2026-02-04T07:19:35.493Z] 批次 17 完成
[2026-02-04T07:19:35.493Z] 处理批次 18/619 (5 个文件)
[2026-02-04T07:20:26.000Z] 批次 18 完成
[2026-02-04T07:20:26.001Z] 处理批次 19/619 (5 个文件)
[2026-02-04T07:21:06.955Z] 批次 19 完成
[2026-02-04T07:21:06.955Z] 处理批次 20/619 (5 个文件)
[2026-02-04T07:21:52.224Z] 批次 20 完成
[2026-02-04T07:21:52.224Z] 处理批次 21/619 (5 个文件)
[2026-02-04T07:22:08.536Z] 批次 21 完成
[2026-02-04T07:22:08.536Z] 处理批次 22/619 (5 个文件)
[2026-02-04T07:22:51.109Z] 批次 22 完成
[2026-02-04T07:22:51.109Z] 处理批次 23/619 (5 个文件)
[2026-02-04T07:23:26.671Z] 批次 23 完成
[2026-02-04T07:23:26.671Z] 处理批次 24/619 (5 个文件)
[2026-02-04T07:24:28.161Z] 批次 24 完成
[2026-02-04T07:24:28.161Z] 处理批次 25/619 (5 个文件)
[2026-02-04T07:25:06.403Z] 批次 25 完成
[2026-02-04T07:25:06.403Z] 处理批次 26/619 (5 个文件)
[2026-02-04T07:25:28.131Z] 批次 26 完成
[2026-02-04T07:25:28.131Z] 处理批次 27/619 (5 个文件)
[2026-02-04T07:25:59.968Z] 批次 27 完成
[2026-02-04T07:25:59.968Z] 处理批次 28/619 (5 个文件)
[2026-02-04T07:26:23.051Z] 批次 28 完成
[2026-02-04T07:26:23.051Z] 处理批次 29/619 (5 个文件)
[2026-02-04T07:27:24.289Z] AI调用异常 (第 1/3 次): terminated
[2026-02-04T07:28:01.155Z] 批次 29 完成
[2026-02-04T07:28:01.155Z] 处理批次 30/619 (5 个文件)
[2026-02-04T07:28:37.530Z] 批次 30 完成
[2026-02-04T07:28:37.530Z] 处理批次 31/619 (5 个文件)
[2026-02-04T07:29:34.365Z] 批次 31 完成
[2026-02-04T07:29:34.365Z] 处理批次 32/619 (5 个文件)
[2026-02-04T07:30:23.609Z] 批次 32 完成
[2026-02-04T07:30:23.609Z] 处理批次 33/619 (5 个文件)
[2026-02-04T07:30:40.077Z] 批次 33 完成
[2026-02-04T07:30:40.077Z] 处理批次 34/619 (5 个文件)
[2026-02-04T07:31:53.248Z] 批次 34 完成
[2026-02-04T07:31:53.248Z] 处理批次 35/619 (5 个文件)
[2026-02-04T07:32:38.778Z] 批次 35 完成
[2026-02-04T07:32:38.778Z] 处理批次 36/619 (5 个文件)
[2026-02-04T07:33:53.337Z] AI调用异常 (第 1/3 次): fetch failed
[2026-02-04T07:34:01.627Z] AI调用异常 (第 2/3 次): fetch failed
[2026-02-04T07:34:26.779Z] 批次 36 完成
[2026-02-04T07:34:26.779Z] 处理批次 37/619 (5 个文件)
[2026-02-04T07:35:09.180Z] 批次 37 完成
[2026-02-04T07:35:09.180Z] 处理批次 38/619 (5 个文件)
[2026-02-04T07:36:06.697Z] 批次 38 完成
[2026-02-04T07:36:06.698Z] 处理批次 39/619 (5 个文件)
[2026-02-04T07:36:52.444Z] 批次 39 完成
[2026-02-04T07:36:52.444Z] 处理批次 40/619 (5 个文件)
[2026-02-04T07:38:02.235Z] 批次 40 完成
[2026-02-04T07:38:02.235Z] 处理批次 41/619 (5 个文件)
[2026-02-04T07:39:25.661Z] 批次 41 完成
[2026-02-04T07:39:25.662Z] 处理批次 42/619 (5 个文件)
[2026-02-04T07:40:06.900Z] 批次 42 完成
[2026-02-04T07:40:06.900Z] 处理批次 43/619 (5 个文件)
[2026-02-04T07:40:52.236Z] 批次 43 完成
[2026-02-04T07:40:52.236Z] 处理批次 44/619 (5 个文件)
[2026-02-04T07:41:33.564Z] 批次 44 完成
[2026-02-04T07:41:33.564Z] 处理批次 45/619 (5 个文件)
[2026-02-04T07:42:28.159Z] 批次 45 完成
[2026-02-04T07:42:28.159Z] 处理批次 46/619 (5 个文件)
[2026-02-04T07:43:34.781Z] 批次 46 完成
[2026-02-04T07:43:34.781Z] 处理批次 47/619 (5 个文件)
[2026-02-04T07:44:30.362Z] 批次 47 完成
[2026-02-04T07:44:30.362Z] 处理批次 48/619 (5 个文件)
[2026-02-04T07:45:22.804Z] 批次 48 完成
[2026-02-04T07:45:22.804Z] 处理批次 49/619 (5 个文件)
[2026-02-04T07:45:42.331Z] 批次 49 完成
[2026-02-04T07:45:42.331Z] 处理批次 50/619 (5 个文件)
[2026-02-04T07:46:32.114Z] 批次 50 完成
[2026-02-04T07:46:32.114Z] 处理批次 51/619 (5 个文件)
[2026-02-04T07:47:06.312Z] 批次 51 完成
[2026-02-04T07:47:06.312Z] 处理批次 52/619 (5 个文件)
[2026-02-04T07:48:07.098Z] 批次 52 完成
[2026-02-04T07:48:07.098Z] 处理批次 53/619 (5 个文件)
[2026-02-04T07:48:27.254Z] 批次 53 完成
[2026-02-04T07:48:27.254Z] 处理批次 54/619 (5 个文件)
[2026-02-04T07:49:02.890Z] 批次 54 完成
[2026-02-04T07:49:02.890Z] 处理批次 55/619 (5 个文件)
[2026-02-04T07:49:22.778Z] 批次 55 完成
[2026-02-04T07:49:22.778Z] 处理批次 56/619 (5 个文件)
[2026-02-04T07:49:55.260Z] 批次 56 完成
[2026-02-04T07:49:55.260Z] 处理批次 57/619 (5 个文件)
[2026-02-04T07:50:31.771Z] 批次 57 完成
[2026-02-04T07:50:31.771Z] 处理批次 58/619 (5 个文件)
[2026-02-04T07:52:02.613Z] 批次 58 完成
[2026-02-04T07:52:02.613Z] 处理批次 59/619 (5 个文件)
[2026-02-04T07:52:27.736Z] 批次 59 完成
[2026-02-04T07:52:27.736Z] 处理批次 60/619 (5 个文件)
[2026-02-04T07:53:06.296Z] 批次 60 完成
[2026-02-04T07:53:06.296Z] 处理批次 61/619 (5 个文件)
[2026-02-04T07:53:28.469Z] 批次 61 完成
[2026-02-04T07:53:28.469Z] 处理批次 62/619 (5 个文件)
[2026-02-04T07:54:19.414Z] 批次 62 完成
[2026-02-04T07:54:19.414Z] 处理批次 63/619 (5 个文件)
[2026-02-04T07:54:46.563Z] 批次 63 完成
[2026-02-04T07:54:46.563Z] 处理批次 64/619 (5 个文件)
[2026-02-04T07:55:03.794Z] 批次 64 完成
[2026-02-04T07:55:03.795Z] 处理批次 65/619 (5 个文件)
[2026-02-04T07:55:34.777Z] 批次 65 完成
[2026-02-04T07:55:34.777Z] 处理批次 66/619 (5 个文件)
[2026-02-04T07:56:22.915Z] 批次 66 完成
[2026-02-04T07:56:22.915Z] 处理批次 67/619 (5 个文件)
[2026-02-04T07:56:49.644Z] 批次 67 完成
[2026-02-04T07:56:49.644Z] 处理批次 68/619 (5 个文件)
[2026-02-04T07:57:23.057Z] 批次 68 完成
[2026-02-04T07:57:23.057Z] 处理批次 69/619 (5 个文件)
[2026-02-04T07:57:33.023Z] AI调用异常 (第 1/3 次): fetch failed
[2026-02-04T07:58:01.954Z] 批次 69 完成
[2026-02-04T07:58:01.954Z] 处理批次 70/619 (5 个文件)
[2026-02-04T07:58:33.436Z] 批次 70 完成
[2026-02-04T07:58:33.436Z] 处理批次 71/619 (5 个文件)
[2026-02-04T08:00:42.227Z] AI调用异常 (第 1/3 次): AI API返回错误: 524 <none>
[2026-02-04T08:01:05.704Z] 批次 71 完成
[2026-02-04T08:01:05.704Z] 处理批次 72/619 (5 个文件)
[2026-02-04T08:01:48.806Z] 批次 72 完成
[2026-02-04T08:01:48.806Z] 处理批次 73/619 (5 个文件)
[2026-02-04T08:02:25.156Z] 批次 73 完成
[2026-02-04T08:02:25.156Z] 处理批次 74/619 (5 个文件)
[2026-02-04T08:03:03.533Z] 批次 74 完成
[2026-02-04T08:03:03.533Z] 处理批次 75/619 (5 个文件)
[2026-02-04T08:03:52.913Z] 批次 75 完成
[2026-02-04T08:03:52.913Z] 处理批次 76/619 (5 个文件)
[2026-02-04T08:04:03.486Z] AI调用异常 (第 1/3 次): fetch failed
[2026-02-04T08:04:03.487Z] AI调用异常 (第 1/3 次): fetch failed
[2026-02-04T08:04:03.487Z] AI调用异常 (第 1/3 次): fetch failed
[2026-02-04T08:04:03.487Z] AI调用异常 (第 1/3 次): fetch failed
[2026-02-04T08:04:16.641Z] AI调用异常 (第 2/3 次): fetch failed
[2026-02-04T08:04:16.642Z] AI调用异常 (第 2/3 次): fetch failed
[2026-02-04T08:04:16.642Z] AI调用异常 (第 2/3 次): fetch failed
[2026-02-04T08:04:16.642Z] AI调用异常 (第 2/3 次): fetch failed
[2026-02-04T08:05:05.608Z] 批次 76 完成
[2026-02-04T08:05:05.608Z] 处理批次 77/619 (5 个文件)
[2026-02-04T08:06:16.777Z] AI调用异常 (第 1/3 次): fetch failed
[2026-02-04T08:06:20.178Z] AI调用异常 (第 1/3 次): fetch failed
[2026-02-04T08:06:20.417Z] AI调用异常 (第 1/3 次): fetch failed
[2026-02-04T08:06:21.418Z] AI调用异常 (第 1/3 次): fetch failed
[2026-02-04T08:06:21.710Z] AI调用异常 (第 1/3 次): fetch failed
[2026-02-04T08:07:42.292Z] 批次 77 完成
[2026-02-04T08:07:42.292Z] 处理批次 78/619 (5 个文件)
[2026-02-04T08:08:18.591Z] 批次 78 完成
[2026-02-04T08:08:18.591Z] 处理批次 79/619 (5 个文件)
[2026-02-04T08:08:36.658Z] 批次 79 完成
[2026-02-04T08:08:36.658Z] 处理批次 80/619 (5 个文件)
[2026-02-04T08:09:12.283Z] 批次 80 完成
[2026-02-04T08:09:12.283Z] 处理批次 81/619 (5 个文件)
[2026-02-04T08:10:22.648Z] AI调用异常 (第 1/3 次): fetch failed
[2026-02-04T08:10:23.815Z] AI调用异常 (第 1/3 次): fetch failed
[2026-02-04T08:10:23.925Z] AI调用异常 (第 1/3 次): fetch failed
[2026-02-04T08:10:24.002Z] AI调用异常 (第 1/3 次): fetch failed
[2026-02-04T08:10:24.988Z] AI调用异常 (第 1/3 次): fetch failed
[2026-02-04T08:11:01.876Z] 批次 81 完成
[2026-02-04T08:11:01.876Z] 处理批次 82/619 (5 个文件)
[2026-02-04T08:11:38.331Z] 批次 82 完成
[2026-02-04T08:11:38.331Z] 处理批次 83/619 (5 个文件)
[2026-02-04T08:12:11.801Z] 批次 83 完成
[2026-02-04T08:12:11.801Z] 处理批次 84/619 (5 个文件)
[2026-02-04T08:12:58.863Z] 批次 84 完成
[2026-02-04T08:12:58.863Z] 处理批次 85/619 (5 个文件)
[2026-02-04T08:14:10.825Z] AI调用异常 (第 1/3 次): fetch failed
[2026-02-04T08:14:30.399Z] 批次 85 完成
[2026-02-04T08:14:30.399Z] 处理批次 86/619 (5 个文件)
[2026-02-04T08:15:23.125Z] 批次 86 完成
[2026-02-04T08:15:23.125Z] 处理批次 87/619 (5 个文件)
[2026-02-04T08:15:49.255Z] 批次 87 完成
[2026-02-04T08:15:49.255Z] 处理批次 88/619 (5 个文件)
[2026-02-04T08:16:18.615Z] 批次 88 完成
[2026-02-04T08:16:18.615Z] 处理批次 89/619 (5 个文件)
[2026-02-04T08:16:42.321Z] 批次 89 完成
[2026-02-04T08:16:42.321Z] 处理批次 90/619 (5 个文件)
[2026-02-04T08:17:55.367Z] 批次 90 完成
[2026-02-04T08:17:55.367Z] 处理批次 91/619 (5 个文件)
[2026-02-04T08:20:01.885Z] AI调用异常 (第 1/3 次): AI API返回错误: 524 <none>
[2026-02-04T08:20:19.550Z] 批次 91 完成
[2026-02-04T08:20:19.550Z] 处理批次 92/619 (5 个文件)
[2026-02-04T08:20:57.829Z] 批次 92 完成
[2026-02-04T08:20:57.829Z] 处理批次 93/619 (5 个文件)
[2026-02-04T08:23:04.279Z] AI调用异常 (第 1/3 次): AI API返回错误: 524 <none>
[2026-02-04T08:23:40.153Z] 批次 93 完成
[2026-02-04T08:23:40.153Z] 处理批次 94/619 (5 个文件)
[2026-02-04T08:24:16.103Z] 批次 94 完成
[2026-02-04T08:24:16.103Z] 处理批次 95/619 (5 个文件)
[2026-02-04T08:24:51.096Z] 批次 95 完成
[2026-02-04T08:24:51.096Z] 处理批次 96/619 (5 个文件)
[2026-02-04T08:25:35.741Z] 批次 96 完成
[2026-02-04T08:25:35.741Z] 处理批次 97/619 (5 个文件)
[2026-02-04T08:26:07.716Z] 批次 97 完成
[2026-02-04T08:26:07.716Z] 处理批次 98/619 (5 个文件)
[2026-02-04T08:26:52.548Z] 批次 98 完成
[2026-02-04T08:26:52.548Z] 处理批次 99/619 (5 个文件)
[2026-02-04T08:28:36.177Z] 批次 99 完成
[2026-02-04T08:28:36.177Z] 处理批次 100/619 (5 个文件)
[2026-02-04T08:28:56.714Z] 批次 100 完成
[2026-02-04T08:28:56.714Z] 处理批次 101/619 (5 个文件)
[2026-02-04T08:29:55.310Z] 批次 101 完成
[2026-02-04T08:29:55.311Z] 处理批次 102/619 (5 个文件)
[2026-02-04T08:30:30.578Z] 批次 102 完成
[2026-02-04T08:30:30.578Z] 处理批次 103/619 (5 个文件)
[2026-02-04T08:31:06.006Z] 批次 103 完成
[2026-02-04T08:31:06.006Z] 处理批次 104/619 (5 个文件)
[2026-02-04T08:31:50.530Z] 批次 104 完成
[2026-02-04T08:31:50.531Z] 处理批次 105/619 (5 个文件)
[2026-02-04T08:32:13.961Z] 批次 105 完成
[2026-02-04T08:32:13.961Z] 处理批次 106/619 (5 个文件)
[2026-02-04T08:32:53.683Z] 批次 106 完成
[2026-02-04T08:32:53.683Z] 处理批次 107/619 (5 个文件)
[2026-02-04T08:33:25.723Z] 批次 107 完成
[2026-02-04T08:33:25.723Z] 处理批次 108/619 (5 个文件)
[2026-02-04T08:33:58.177Z] 批次 108 完成
[2026-02-04T08:33:58.177Z] 处理批次 109/619 (5 个文件)
[2026-02-04T08:34:39.563Z] 批次 109 完成
[2026-02-04T08:34:39.563Z] 处理批次 110/619 (5 个文件)
[2026-02-04T08:35:08.666Z] 批次 110 完成
[2026-02-04T08:35:08.666Z] 处理批次 111/619 (5 个文件)
[2026-02-04T08:35:27.815Z] 批次 111 完成
[2026-02-04T08:35:27.815Z] 处理批次 112/619 (5 个文件)
[2026-02-04T08:35:46.001Z] 批次 112 完成
[2026-02-04T08:35:46.001Z] 处理批次 113/619 (5 个文件)
[2026-02-04T08:35:58.792Z] 分析任务超时（超过90分钟），进程即将自动终止
